Archive member included to satisfy reference by file (symbol)

c:/siliconlabs/simplicitystudio/v4/developer/toolchains/gnu_arm/7.2_2017q4/bin/../lib/gcc/arm-none-eabi/7.2.1/thumb/v7-m\libgcc.a(_arm_addsubsf3.o)
                              ./src/lcdManager.o (__aeabi_fsub)
c:/siliconlabs/simplicitystudio/v4/developer/toolchains/gnu_arm/7.2_2017q4/bin/../lib/gcc/arm-none-eabi/7.2.1/thumb/v7-m\libgcc.a(_arm_muldivsf3.o)
                              ./src/lcdManager.o (__aeabi_fmul)
c:/siliconlabs/simplicitystudio/v4/developer/toolchains/gnu_arm/7.2_2017q4/bin/../lib/gcc/arm-none-eabi/7.2.1/thumb/v7-m\libgcc.a(_arm_cmpsf2.o)
                              ./src/dac.o (__aeabi_fcmpeq)
c:/siliconlabs/simplicitystudio/v4/developer/toolchains/gnu_arm/7.2_2017q4/bin/../lib/gcc/arm-none-eabi/7.2.1/thumb/v7-m\libgcc.a(_arm_fixunssfsi.o)
                              ./src/lcdManager.o (__aeabi_f2uiz)
c:/siliconlabs/simplicitystudio/v4/developer/toolchains/gnu_arm/7.2_2017q4/bin/../lib/gcc/arm-none-eabi/7.2.1/thumb/v7-m\libgcc.a(_aeabi_uldivmod.o)
                              ./emlib/em_usart.o (__aeabi_uldivmod)
c:/siliconlabs/simplicitystudio/v4/developer/toolchains/gnu_arm/7.2_2017q4/bin/../lib/gcc/arm-none-eabi/7.2.1/thumb/v7-m\libgcc.a(_udivmoddi4.o)
                              c:/siliconlabs/simplicitystudio/v4/developer/toolchains/gnu_arm/7.2_2017q4/bin/../lib/gcc/arm-none-eabi/7.2.1/thumb/v7-m\libgcc.a(_aeabi_uldivmod.o) (__udivmoddi4)
c:/siliconlabs/simplicitystudio/v4/developer/toolchains/gnu_arm/7.2_2017q4/bin/../lib/gcc/arm-none-eabi/7.2.1/thumb/v7-m\libgcc.a(_dvmd_tls.o)
                              c:/siliconlabs/simplicitystudio/v4/developer/toolchains/gnu_arm/7.2_2017q4/bin/../lib/gcc/arm-none-eabi/7.2.1/thumb/v7-m\libgcc.a(_aeabi_uldivmod.o) (__aeabi_ldiv0)
c:/siliconlabs/simplicitystudio/v4/developer/toolchains/gnu_arm/7.2_2017q4/bin/../lib/gcc/arm-none-eabi/7.2.1/../../../../arm-none-eabi/lib/thumb/v7-m\libc_nano.a(lib_a-abs.o)
                              ./drivers/segmentlcd.o (abs)
c:/siliconlabs/simplicitystudio/v4/developer/toolchains/gnu_arm/7.2_2017q4/bin/../lib/gcc/arm-none-eabi/7.2.1/../../../../arm-none-eabi/lib/thumb/v7-m\libc_nano.a(lib_a-exit.o)
                              c:/siliconlabs/simplicitystudio/v4/developer/toolchains/gnu_arm/7.2_2017q4/bin/../lib/gcc/arm-none-eabi/7.2.1/../../../../arm-none-eabi/lib/thumb/v7-m/crt0.o (exit)
c:/siliconlabs/simplicitystudio/v4/developer/toolchains/gnu_arm/7.2_2017q4/bin/../lib/gcc/arm-none-eabi/7.2.1/../../../../arm-none-eabi/lib/thumb/v7-m\libc_nano.a(lib_a-impure.o)
                              c:/siliconlabs/simplicitystudio/v4/developer/toolchains/gnu_arm/7.2_2017q4/bin/../lib/gcc/arm-none-eabi/7.2.1/../../../../arm-none-eabi/lib/thumb/v7-m\libc_nano.a(lib_a-exit.o) (_global_impure_ptr)
c:/siliconlabs/simplicitystudio/v4/developer/toolchains/gnu_arm/7.2_2017q4/bin/../lib/gcc/arm-none-eabi/7.2.1/../../../../arm-none-eabi/lib/thumb/v7-m\libc_nano.a(lib_a-init.o)
                              c:/siliconlabs/simplicitystudio/v4/developer/toolchains/gnu_arm/7.2_2017q4/bin/../lib/gcc/arm-none-eabi/7.2.1/../../../../arm-none-eabi/lib/thumb/v7-m/crt0.o (__libc_init_array)
c:/siliconlabs/simplicitystudio/v4/developer/toolchains/gnu_arm/7.2_2017q4/bin/../lib/gcc/arm-none-eabi/7.2.1/../../../../arm-none-eabi/lib/thumb/v7-m\libc_nano.a(lib_a-memcpy-stub.o)
                              ./BSP/bsp_stk.o (memcpy)
c:/siliconlabs/simplicitystudio/v4/developer/toolchains/gnu_arm/7.2_2017q4/bin/../lib/gcc/arm-none-eabi/7.2.1/../../../../arm-none-eabi/lib/thumb/v7-m\libc_nano.a(lib_a-memset.o)
                              c:/siliconlabs/simplicitystudio/v4/developer/toolchains/gnu_arm/7.2_2017q4/bin/../lib/gcc/arm-none-eabi/7.2.1/../../../../arm-none-eabi/lib/thumb/v7-m/crt0.o (memset)
c:/siliconlabs/simplicitystudio/v4/developer/toolchains/gnu_arm/7.2_2017q4/bin/../lib/gcc/arm-none-eabi/7.2.1/../../../../arm-none-eabi/lib/thumb/v7-m\libc_nano.a(lib_a-strlen.o)
                              ./drivers/segmentlcd.o (strlen)
c:/siliconlabs/simplicitystudio/v4/developer/toolchains/gnu_arm/7.2_2017q4/bin/../lib/gcc/arm-none-eabi/7.2.1/../../../../arm-none-eabi/lib/thumb/v7-m\libnosys.a(_exit.o)
                              c:/siliconlabs/simplicitystudio/v4/developer/toolchains/gnu_arm/7.2_2017q4/bin/../lib/gcc/arm-none-eabi/7.2.1/../../../../arm-none-eabi/lib/thumb/v7-m\libc_nano.a(lib_a-exit.o) (_exit)

Allocating common symbols
Common symbol       size              file

newData             0x1               ./src/main.o
dataReadyFlag       0x1               ./src/timer.o
data                0x400             ./src/main.o

Discarded input sections

 .text          0x00000000        0x0 c:/siliconlabs/simplicitystudio/v4/developer/toolchains/gnu_arm/7.2_2017q4/bin/../lib/gcc/arm-none-eabi/7.2.1/thumb/v7-m/crti.o
[...]
Memory Configuration

Name             Origin             Length             Attributes
FLASH            0x00000000         0x00100000         xr
RAM              0x20000000         0x00020000         xrw
*default*        0x00000000         0xffffffff

Linker script and memory map

LOAD c:/siliconlabs/simplicitystudio/v4/developer/toolchains/gnu_arm/7.2_2017q4/bin/../lib/gcc/arm-none-eabi/7.2.1/thumb/v7-m/crti.o
LOAD c:/siliconlabs/simplicitystudio/v4/developer/toolchains/gnu_arm/7.2_2017q4/bin/../lib/gcc/arm-none-eabi/7.2.1/thumb/v7-m/crtbegin.o
LOAD c:/siliconlabs/simplicitystudio/v4/developer/toolchains/gnu_arm/7.2_2017q4/bin/../lib/gcc/arm-none-eabi/7.2.1/../../../../arm-none-eabi/lib/thumb/v7-m/crt0.o
LOAD ./BSP/bsp_bcc.o
LOAD ./BSP/bsp_stk.o
LOAD ./BSP/bsp_stk_leds.o
LOAD ./BSP/bsp_trace.o
LOAD ./CMSIS/EFM32GG/startup_efm32gg.o
LOAD ./CMSIS/EFM32GG/system_efm32gg.o
LOAD ./drivers/segmentlcd.o
LOAD ./emlib/em_assert.o
LOAD ./emlib/em_cmu.o
LOAD ./emlib/em_core.o
LOAD ./emlib/em_dac.o
LOAD ./emlib/em_ebi.o
LOAD ./emlib/em_emu.o
LOAD ./emlib/em_gpio.o
LOAD ./emlib/em_lcd.o
LOAD ./emlib/em_system.o
LOAD ./emlib/em_timer.o
LOAD ./emlib/em_usart.o
LOAD ./src/dac.o
LOAD ./src/gpioManager.o
LOAD ./src/lcdManager.o
LOAD ./src/main.o
LOAD ./src/timer.o
LOAD ./src/uart.o
START GROUP
LOAD c:/siliconlabs/simplicitystudio/v4/developer/toolchains/gnu_arm/7.2_2017q4/bin/../lib/gcc/arm-none-eabi/7.2.1/thumb/v7-m\libgcc.a
LOAD c:/siliconlabs/simplicitystudio/v4/developer/toolchains/gnu_arm/7.2_2017q4/bin/../lib/gcc/arm-none-eabi/7.2.1/../../../../arm-none-eabi/lib/thumb/v7-m\libc_nano.a
LOAD c:/siliconlabs/simplicitystudio/v4/developer/toolchains/gnu_arm/7.2_2017q4/bin/../lib/gcc/arm-none-eabi/7.2.1/../../../../arm-none-eabi/lib/thumb/v7-m\libnosys.a
END GROUP
START GROUP
LOAD c:/siliconlabs/simplicitystudio/v4/developer/toolchains/gnu_arm/7.2_2017q4/bin/../lib/gcc/arm-none-eabi/7.2.1/thumb/v7-m\libgcc.a
LOAD c:/siliconlabs/simplicitystudio/v4/developer/toolchains/gnu_arm/7.2_2017q4/bin/../lib/gcc/arm-none-eabi/7.2.1/../../../../arm-none-eabi/lib/thumb/v7-m\libg_nano.a
LOAD c:/siliconlabs/simplicitystudio/v4/developer/toolchains/gnu_arm/7.2_2017q4/bin/../lib/gcc/arm-none-eabi/7.2.1/../../../../arm-none-eabi/lib/thumb/v7-m\libc_nano.a
END GROUP
START GROUP
LOAD c:/siliconlabs/simplicitystudio/v4/developer/toolchains/gnu_arm/7.2_2017q4/bin/../lib/gcc/arm-none-eabi/7.2.1/thumb/v7-m\libgcc.a
LOAD c:/siliconlabs/simplicitystudio/v4/developer/toolchains/gnu_arm/7.2_2017q4/bin/../lib/gcc/arm-none-eabi/7.2.1/../../../../arm-none-eabi/lib/thumb/v7-m\libc_nano.a
END GROUP
LOAD c:/siliconlabs/simplicitystudio/v4/developer/toolchains/gnu_arm/7.2_2017q4/bin/../lib/gcc/arm-none-eabi/7.2.1/thumb/v7-m/crtend.o
LOAD c:/siliconlabs/simplicitystudio/v4/developer/toolchains/gnu_arm/7.2_2017q4/bin/../lib/gcc/arm-none-eabi/7.2.1/thumb/v7-m/crtn.o

.text           0x00000000     0x3688
 *(.vectors)
 .vectors       0x00000000       0xdc ./CMSIS/EFM32GG/startup_efm32gg.o
                0x00000000                __Vectors
                0x000000dc                __Vectors_End = .
                0x000000dc                __Vectors_Size = (__Vectors_End - __Vectors)
                0x000000dc                __end__ = .
 *(.text*)
 .text          0x000000dc       0x40 c:/siliconlabs/simplicitystudio/v4/developer/toolchains/gnu_arm/7.2_2017q4/bin/../lib/gcc/arm-none-eabi/7.2.1/thumb/v7-m/crtbegin.o
 .text          0x0000011c       0x74 c:/siliconlabs/simplicitystudio/v4/developer/toolchains/gnu_arm/7.2_2017q4/bin/../lib/gcc/arm-none-eabi/7.2.1/../../../../arm-none-eabi/lib/thumb/v7-m/crt0.o
                0x0000011c                _start
                0x0000011c                _mainCRTStartup
 .text          0x00000190       0x30 ./CMSIS/EFM32GG/startup_efm32gg.o
                0x00000190                Reset_Handler
                0x000001bc                DebugMon_Handler
                0x000001bc                USART0_TX_IRQHandler
                0x000001bc                I2C0_IRQHandler
                0x000001bc                HardFault_Handler
                0x000001bc                LEUART1_IRQHandler
                0x000001bc                SysTick_Handler
                0x000001bc                USART1_RX_IRQHandler
                0x000001bc                PendSV_Handler
                0x000001bc                NMI_Handler
                0x000001bc                I2C1_IRQHandler
                0x000001bc                TIMER3_IRQHandler
                0x000001bc                USART1_TX_IRQHandler
                0x000001bc                MSC_IRQHandler
                0x000001bc                ADC0_IRQHandler
                0x000001bc                UsageFault_Handler
                0x000001bc                LEUART0_IRQHandler
                0x000001bc                UART0_TX_IRQHandler
                0x000001bc                UART1_TX_IRQHandler
                0x000001bc                RTC_IRQHandler
                0x000001bc                TIMER2_IRQHandler
                0x000001bc                LCD_IRQHandler
                0x000001bc                PCNT2_IRQHandler
                0x000001bc                LETIMER0_IRQHandler
                0x000001bc                TIMER1_IRQHandler
                0x000001bc                USART2_RX_IRQHandler
                0x000001bc                Default_Handler
                0x000001bc                EMU_IRQHandler
                0x000001bc                PCNT0_IRQHandler
                0x000001bc                sl_app_properties
                0x000001bc                USB_IRQHandler
                0x000001bc                BURTC_IRQHandler
                0x000001bc                PCNT1_IRQHandler
                0x000001bc                ACMP0_IRQHandler
                0x000001bc                USART0_RX_IRQHandler
                0x000001bc                MemManage_Handler
                0x000001bc                SVC_Handler
                0x000001bc                DAC0_IRQHandler
                0x000001bc                UART1_RX_IRQHandler
                0x000001bc                CMU_IRQHandler
                0x000001bc                EBI_IRQHandler
                0x000001bc                LESENSE_IRQHandler
                0x000001bc                AES_IRQHandler
                0x000001bc                VCMP_IRQHandler
                0x000001bc                DMA_IRQHandler
                0x000001bc                BusFault_Handler
                0x000001bc                USART2_TX_IRQHandler
 .text.GetProdRev
                0x000001c0       0x18 ./CMSIS/EFM32GG/system_efm32gg.o
 .text.SystemCoreClockGet
                0x000001d8       0x34 ./CMSIS/EFM32GG/system_efm32gg.o
                0x000001d8                SystemCoreClockGet
 .text.SystemMaxCoreClockGet
                0x0000020c       0x14 ./CMSIS/EFM32GG/system_efm32gg.o
                0x0000020c                SystemMaxCoreClockGet
 .text.SystemHFClockGet
                0x00000220      0x100 ./CMSIS/EFM32GG/system_efm32gg.o
                0x00000220                SystemHFClockGet
 .text.SystemHFXOClockGet
                0x00000320       0x14 ./CMSIS/EFM32GG/system_efm32gg.o
                0x00000320                SystemHFXOClockGet
 .text.SystemInit
                0x00000334       0x1c ./CMSIS/EFM32GG/system_efm32gg.o
                0x00000334                SystemInit
 .text.SystemLFRCOClockGet
                0x00000350       0x10 ./CMSIS/EFM32GG/system_efm32gg.o
                0x00000350                SystemLFRCOClockGet
 .text.SystemULFRCOClockGet
                0x00000360       0x10 ./CMSIS/EFM32GG/system_efm32gg.o
                0x00000360                SystemULFRCOClockGet
 .text.SystemLFXOClockGet
                0x00000370       0x14 ./CMSIS/EFM32GG/system_efm32gg.o
                0x00000370                SystemLFXOClockGet
 .text.LCD_FreezeEnable
                0x00000384       0x2c ./drivers/segmentlcd.o
 .text.LCD_SyncBusyDelay
                0x000003b0       0x24 ./drivers/segmentlcd.o
 .text.LCD_IntDisable
                0x000003d4       0x24 ./drivers/segmentlcd.o
 .text.SegmentLCD_AllOff
                0x000003f8       0xac ./drivers/segmentlcd.o
                0x000003f8                SegmentLCD_AllOff
 .text.SegmentLCD_Init
                0x000004a4       0xb8 ./drivers/segmentlcd.o
                0x000004a4                SegmentLCD_Init
 .text.SegmentLCD_Number
                0x0000055c      0x128 ./drivers/segmentlcd.o
                0x0000055c                SegmentLCD_Number
 .text.SegmentLCD_NumberOff
                0x00000684       0x4e ./drivers/segmentlcd.o
                0x00000684                SegmentLCD_NumberOff
 *fill*         0x000006d2        0x2 
 .text.SegmentLCD_Symbol
                0x000006d4      0x134 ./drivers/segmentlcd.o
                0x000006d4                SegmentLCD_Symbol
 .text.BUS_RegBitWrite
                0x00000808       0x2c ./emlib/em_cmu.o
 .text.BUS_RegBitRead
                0x00000834       0x28 ./emlib/em_cmu.o
 .text.CMU_DivToLog2
                0x0000085c       0x30 ./emlib/em_cmu.o
 .text.SYSTEM_GetProdRev
                0x0000088c       0x18 ./emlib/em_cmu.o
 .text.SYSTEM_GetFamily
                0x000008a4       0x18 ./emlib/em_cmu.o
 .text.maxFreqHfle
                0x000008bc       0x7c ./emlib/em_cmu.o
 .text.setHfLeConfig
                0x00000938       0x64 ./emlib/em_cmu.o
 .text.getHfLeConfig
                0x0000099c       0x20 ./emlib/em_cmu.o
 .text.auxClkGet
                0x000009bc       0xb0 ./emlib/em_cmu.o
 .text.dbgClkGet
                0x00000a6c       0x40 ./emlib/em_cmu.o
 .text.flashWaitStateControl
                0x00000aac       0x98 ./emlib/em_cmu.o
 .text.flashWaitStateMax
                0x00000b44       0x44 ./emlib/em_cmu.o
 .text.CMU_UpdateWaitStates
                0x00000b88       0x40 ./emlib/em_cmu.o
                0x00000b88                CMU_UpdateWaitStates
 .text.lfClkGet
                0x00000bc8       0xec ./emlib/em_cmu.o
 .text.syncReg  0x00000cb4       0x34 ./emlib/em_cmu.o
 .text.usbCClkGet
                0x00000ce8       0x4c ./emlib/em_cmu.o
 .text.hfperClkSafePrescaler
                0x00000d34        0xc ./emlib/em_cmu.o
 .text.hfperClkOptimizedPrescaler
                0x00000d40        0xc ./emlib/em_cmu.o
 .text.CMU_ClockDivSet
                0x00000d4c      0x22c ./emlib/em_cmu.o
                0x00000d4c                CMU_ClockDivSet
 .text.CMU_ClockEnable
                0x00000f78       0xd0 ./emlib/em_cmu.o
                0x00000f78                CMU_ClockEnable
 .text.CMU_ClockFreqGet
                0x00001048      0x1d8 ./emlib/em_cmu.o
                0x00001048                CMU_ClockFreqGet
 .text.CMU_ClockSelectGet
                0x00001220      0x15c ./emlib/em_cmu.o
                0x00001220                CMU_ClockSelectGet
 .text.CMU_ClockSelectSet
                0x0000137c      0x2a4 ./emlib/em_cmu.o
                0x0000137c                CMU_ClockSelectSet
 .text.CMU_LCDClkFDIVSet
                0x00001620       0x3c ./emlib/em_cmu.o
                0x00001620                CMU_LCDClkFDIVSet
 .text.CMU_OscillatorEnable
                0x0000165c       0xbc ./emlib/em_cmu.o
                0x0000165c                CMU_OscillatorEnable
 .text.BUS_RegBitWrite
                0x00001718       0x2c ./emlib/em_dac.o
 .text.DAC_Enable
                0x00001744       0x36 ./emlib/em_dac.o
                0x00001744                DAC_Enable
 *fill*         0x0000177a        0x2 
 .text.DAC_Init
                0x0000177c       0xd0 ./emlib/em_dac.o
                0x0000177c                DAC_Init
 .text.BUS_RegBitWrite
                0x0000184c       0x2c ./emlib/em_gpio.o
 .text.BUS_RegMaskedWrite
                0x00001878       0x28 ./emlib/em_gpio.o
 .text.GPIO_IntClear
                0x000018a0       0x20 ./emlib/em_gpio.o
 .text.GPIO_PinOutClear
                0x000018c0       0x58 ./emlib/em_gpio.o
 .text.GPIO_PinOutSet
                0x00001918       0x58 ./emlib/em_gpio.o
 .text.GPIO_ExtIntConfig
                0x00001970       0xd4 ./emlib/em_gpio.o
                0x00001970                GPIO_ExtIntConfig
 .text.GPIO_PinModeSet
                0x00001a44      0x118 ./emlib/em_gpio.o
                0x00001a44                GPIO_PinModeSet
 .text.LCD_Enable
                0x00001b5c       0x38 ./emlib/em_lcd.o
 .text.BUS_RegBitWrite
                0x00001b94       0x2c ./emlib/em_lcd.o
 .text.LCD_Init
                0x00001bc0       0x78 ./emlib/em_lcd.o
                0x00001bc0                LCD_Init
 .text.LCD_VLCDSelect
                0x00001c38       0x44 ./emlib/em_lcd.o
                0x00001c38                LCD_VLCDSelect
 .text.LCD_SegmentRangeEnable
                0x00001c7c       0x40 ./emlib/em_lcd.o
                0x00001c7c                LCD_SegmentRangeEnable
 .text.LCD_SegmentSet
                0x00001cbc      0x1c8 ./emlib/em_lcd.o
                0x00001cbc                LCD_SegmentSet
 .text.LCD_SegmentSetLow
                0x00001e84      0x17c ./emlib/em_lcd.o
                0x00001e84                LCD_SegmentSetLow
 .text.LCD_SegmentSetHigh
                0x00002000      0x17c ./emlib/em_lcd.o
                0x00002000                LCD_SegmentSetHigh
 .text.LCD_VBoostSet
                0x0000217c       0x28 ./emlib/em_lcd.o
                0x0000217c                LCD_VBoostSet
 .text.SYSTEM_ChipRevisionGet
                0x000021a4       0x78 ./emlib/em_system.o
                0x000021a4                SYSTEM_ChipRevisionGet
 .text.TIMER_Valid
                0x0000221c       0x50 ./emlib/em_timer.o
 .text.TIMER_Init
                0x0000226c       0xe8 ./emlib/em_timer.o
                0x0000226c                TIMER_Init
 .text.prsRxInput
                0x00002354       0x24 ./emlib/em_usart.o
 .text.USART_BaudrateAsyncSet
                0x00002378       0xb0 ./emlib/em_usart.o
                0x00002378                USART_BaudrateAsyncSet
 .text.USART_InitAsync
                0x00002428       0xc4 ./emlib/em_usart.o
                0x00002428                USART_InitAsync
 .text.USART_Reset
                0x000024ec       0xb0 ./emlib/em_usart.o
                0x000024ec                USART_Reset
 .text.USART_Tx
                0x0000259c       0x2a ./emlib/em_usart.o
                0x0000259c                USART_Tx
 .text.DAC_Channel0OutputSet
                0x000025c6       0x1a ./src/dac.o
 .text.dacinit  0x000025e0       0x44 ./src/dac.o
                0x000025e0                dacinit
 .text.setCompLevel
                0x00002624       0xb4 ./src/dac.o
                0x00002624                setCompLevel
 .text.__NVIC_EnableIRQ
                0x000026d8       0x38 ./src/gpioManager.o
 .text.GPIO_IntClear
                0x00002710       0x20 ./src/gpioManager.o
 .text.GPIO_IntConfig
                0x00002730       0x36 ./src/gpioManager.o
 *fill*         0x00002766        0x2 
 .text.GPIO_EVEN_IRQHandler
                0x00002768       0x24 ./src/gpioManager.o
                0x00002768                GPIO_EVEN_IRQHandler
 .text.GPIO_ODD_IRQHandler
                0x0000278c       0x7c ./src/gpioManager.o
                0x0000278c                GPIO_ODD_IRQHandler
 .text.gpioinit
                0x00002808       0x8c ./src/gpioManager.o
                0x00002808                gpioinit
 .text.setMenuState
                0x00002894       0x18 ./src/gpioManager.o
                0x00002894                setMenuState
 .text.clrDataCollectState
                0x000028ac       0x18 ./src/gpioManager.o
                0x000028ac                clrDataCollectState
 .text.drawCompLevel
                0x000028c4       0x68 ./src/lcdManager.o
                0x000028c4                drawCompLevel
 .text.SYSTEM_GetProdRev
                0x0000292c       0x18 ./src/main.o
 .text.GPIO_PortInGet
                0x00002944       0x4c ./src/main.o
 .text.CHIP_Init
                0x00002990       0x48 ./src/main.o
 .text.main     0x000029d8      0x11c ./src/main.o
                0x000029d8                main
 .text.__NVIC_EnableIRQ
                0x00002af4       0x38 ./src/timer.o
 .text.TIMER_MaxCount
                0x00002b2c       0x16 ./src/timer.o
 .text.TIMER_CounterSet
                0x00002b42       0x1e ./src/timer.o
 .text.TIMER_IntClear
                0x00002b60       0x1a ./src/timer.o
 .text.TIMER_IntEnable
                0x00002b7a       0x20 ./src/timer.o
 .text.TIMER_TopSet
                0x00002b9a       0x1e ./src/timer.o
 .text.timerinit
                0x00002bb8       0x6c ./src/timer.o
                0x00002bb8                timerinit
 .text.clrDataReadyFlag
                0x00002c24       0x18 ./src/timer.o
                0x00002c24                clrDataReadyFlag
 .text.setDataReadyFlag
                0x00002c3c       0x18 ./src/timer.o
                0x00002c3c                setDataReadyFlag
 .text.TIMER0_IRQHandler
                0x00002c54       0x18 ./src/timer.o
                0x00002c54                TIMER0_IRQHandler
 .text.__NVIC_EnableIRQ
                0x00002c6c       0x38 ./src/uart.o
 .text.USART_IntEnable
                0x00002ca4       0x20 ./src/uart.o
 .text.USART_RxDataGet
                0x00002cc4       0x18 ./src/uart.o
 .text.UART0_RX_IRQHandler
                0x00002cdc       0x1c ./src/uart.o
                0x00002cdc                UART0_RX_IRQHandler
 .text.uart_init
                0x00002cf8       0xb0 ./src/uart.o
                0x00002cf8                uart_init
 .text          0x00002da8      0x21c c:/siliconlabs/simplicitystudio/v4/developer/toolchains/gnu_arm/7.2_2017q4/bin/../lib/gcc/arm-none-eabi/7.2.1/thumb/v7-m\libgcc.a(_arm_addsubsf3.o)
                0x00002da8                __aeabi_frsub
                0x00002db0                __subsf3
                0x00002db0                __aeabi_fsub
                0x00002db4                __aeabi_fadd
                0x00002db4                __addsf3
                0x00002f14                __aeabi_ui2f
                0x00002f14                __floatunsisf
                0x00002f1c                __aeabi_i2f
                0x00002f1c                __floatsisf
                0x00002f38                __aeabi_ul2f
                0x00002f38                __floatundisf
                0x00002f48                __aeabi_l2f
                0x00002f48                __floatdisf
 .text          0x00002fc4      0x2a0 c:/siliconlabs/simplicitystudio/v4/developer/toolchains/gnu_arm/7.2_2017q4/bin/../lib/gcc/arm-none-eabi/7.2.1/thumb/v7-m\libgcc.a(_arm_muldivsf3.o)
                0x00002fc4                __mulsf3
                0x00002fc4                __aeabi_fmul
                0x0000312c                __aeabi_fdiv
                0x0000312c                __divsf3
 .text          0x00003264       0xec c:/siliconlabs/simplicitystudio/v4/developer/toolchains/gnu_arm/7.2_2017q4/bin/../lib/gcc/arm-none-eabi/7.2.1/thumb/v7-m\libgcc.a(_arm_cmpsf2.o)
                0x00003264                __gesf2
                0x00003264                __gtsf2
                0x0000326c                __lesf2
                0x0000326c                __ltsf2
                0x00003274                __nesf2
                0x00003274                __eqsf2
                0x00003274                __cmpsf2
                0x000032d4                __aeabi_cfrcmple
                0x000032dc                __aeabi_cfcmpeq
                0x000032dc                __aeabi_cfcmple
                0x000032ec                __aeabi_fcmpeq
                0x00003300                __aeabi_fcmplt
                0x00003314                __aeabi_fcmple
                0x00003328                __aeabi_fcmpge
                0x0000333c                __aeabi_fcmpgt
 .text          0x00003350       0x40 c:/siliconlabs/simplicitystudio/v4/developer/toolchains/gnu_arm/7.2_2017q4/bin/../lib/gcc/arm-none-eabi/7.2.1/thumb/v7-m\libgcc.a(_arm_fixunssfsi.o)
                0x00003350                __fixunssfsi
                0x00003350                __aeabi_f2uiz
 .text.abs      0x00003390        0x8 c:/siliconlabs/simplicitystudio/v4/developer/toolchains/gnu_arm/7.2_2017q4/bin/../lib/gcc/arm-none-eabi/7.2.1/../../../../arm-none-eabi/lib/thumb/v7-m\libc_nano.a(lib_a-abs.o)
                0x00003390                abs
 .text.exit     0x00003398       0x28 c:/siliconlabs/simplicitystudio/v4/developer/toolchains/gnu_arm/7.2_2017q4/bin/../lib/gcc/arm-none-eabi/7.2.1/../../../../arm-none-eabi/lib/thumb/v7-m\libc_nano.a(lib_a-exit.o)
                0x00003398                exit
 .text.__libc_init_array
                0x000033c0       0x48 c:/siliconlabs/simplicitystudio/v4/developer/toolchains/gnu_arm/7.2_2017q4/bin/../lib/gcc/arm-none-eabi/7.2.1/../../../../arm-none-eabi/lib/thumb/v7-m\libc_nano.a(lib_a-init.o)
                0x000033c0                __libc_init_array
 .text.memset   0x00003408       0x10 c:/siliconlabs/simplicitystudio/v4/developer/toolchains/gnu_arm/7.2_2017q4/bin/../lib/gcc/arm-none-eabi/7.2.1/../../../../arm-none-eabi/lib/thumb/v7-m\libc_nano.a(lib_a-memset.o)
                0x00003408                memset
 .text._exit    0x00003418        0x4 c:/siliconlabs/simplicitystudio/v4/developer/toolchains/gnu_arm/7.2_2017q4/bin/../lib/gcc/arm-none-eabi/7.2.1/../../../../arm-none-eabi/lib/thumb/v7-m\libnosys.a(_exit.o)
                0x00003418                _exit
 *(.init)
 .init          0x0000341c        0x4 c:/siliconlabs/simplicitystudio/v4/developer/toolchains/gnu_arm/7.2_2017q4/bin/../lib/gcc/arm-none-eabi/7.2.1/thumb/v7-m/crti.o
                0x0000341c                _init
 .init          0x00003420        0x8 c:/siliconlabs/simplicitystudio/v4/developer/toolchains/gnu_arm/7.2_2017q4/bin/../lib/gcc/arm-none-eabi/7.2.1/thumb/v7-m/crtn.o
 *(.fini)
 .fini          0x00003428        0x4 c:/siliconlabs/simplicitystudio/v4/developer/toolchains/gnu_arm/7.2_2017q4/bin/../lib/gcc/arm-none-eabi/7.2.1/thumb/v7-m/crti.o
                0x00003428                _fini
 .fini          0x0000342c        0x8 c:/siliconlabs/simplicitystudio/v4/developer/toolchains/gnu_arm/7.2_2017q4/bin/../lib/gcc/arm-none-eabi/7.2.1/thumb/v7-m/crtn.o
 *crtbegin.o(.ctors)
 *crtbegin?.o(.ctors)
 *(EXCLUDE_FILE(*crtend.o *crtend?.o) .ctors)
 *(SORT_BY_NAME(.ctors.*))
 *(.ctors)
 *crtbegin.o(.dtors)
 *crtbegin?.o(.dtors)
 *(EXCLUDE_FILE(*crtend.o *crtend?.o) .dtors)
 *(SORT_BY_NAME(.dtors.*))
 *(.dtors)
 *(.rodata*)
 .rodata.EFM_Display
                0x00003434      0x1fe ./drivers/segmentlcd.o
 *fill*         0x00003632        0x2 
 .rodata.Segment_Numbers
                0x00003634       0x22 ./drivers/segmentlcd.o
 *fill*         0x00003656        0x2 
 .rodata.lcdInit
                0x00003658       0x14 ./drivers/segmentlcd.o
 .rodata        0x0000366c       0x14 ./src/dac.o
 .rodata._global_impure_ptr
                0x00003680        0x4 c:/siliconlabs/simplicitystudio/v4/developer/toolchains/gnu_arm/7.2_2017q4/bin/../lib/gcc/arm-none-eabi/7.2.1/../../../../arm-none-eabi/lib/thumb/v7-m\libc_nano.a(lib_a-impure.o)
                0x00003680                _global_impure_ptr
 *(.eh_frame*)
 .eh_frame      0x00003684        0x0 c:/siliconlabs/simplicitystudio/v4/developer/toolchains/gnu_arm/7.2_2017q4/bin/../lib/gcc/arm-none-eabi/7.2.1/thumb/v7-m/crtbegin.o
 .eh_frame      0x00003684        0x4 c:/siliconlabs/simplicitystudio/v4/developer/toolchains/gnu_arm/7.2_2017q4/bin/../lib/gcc/arm-none-eabi/7.2.1/thumb/v7-m/crtend.o

.glue_7         0x00003688        0x0
 .glue_7        0x00003688        0x0 linker stubs

.glue_7t        0x00003688        0x0
 .glue_7t       0x00003688        0x0 linker stubs

.vfp11_veneer   0x00003688        0x0
 .vfp11_veneer  0x00003688        0x0 linker stubs

.v4_bx          0x00003688        0x0
 .v4_bx         0x00003688        0x0 linker stubs

.iplt           0x00003688        0x0
 .iplt          0x00003688        0x0 c:/siliconlabs/simplicitystudio/v4/developer/toolchains/gnu_arm/7.2_2017q4/bin/../lib/gcc/arm-none-eabi/7.2.1/thumb/v7-m/crtbegin.o

.ARM.extab
 *(.ARM.extab* .gnu.linkonce.armextab.*)
                0x00003688                __exidx_start = .

.ARM.exidx      0x00003688        0x8
 *(.ARM.exidx* .gnu.linkonce.armexidx.*)
 .ARM.exidx     0x00003688        0x8 c:/siliconlabs/simplicitystudio/v4/developer/toolchains/gnu_arm/7.2_2017q4/bin/../lib/gcc/arm-none-eabi/7.2.1/../../../../arm-none-eabi/lib/thumb/v7-m/crt0.o
                0x00003690                __exidx_end = .
                0x00003690                __etext = .

.rel.dyn        0x00003690        0x0
 .rel.iplt      0x00003690        0x0 c:/siliconlabs/simplicitystudio/v4/developer/toolchains/gnu_arm/7.2_2017q4/bin/../lib/gcc/arm-none-eabi/7.2.1/thumb/v7-m/crtbegin.o

.data           0x20000000       0x7c load address 0x00003690
                0x20000000                __data_start__ = .
 *(vtable)
 *(.data*)
 .data.SystemHFXOClock
                0x20000000        0x4 ./CMSIS/EFM32GG/system_efm32gg.o
 .data.SystemLFXOClock
                0x20000004        0x4 ./CMSIS/EFM32GG/system_efm32gg.o
 .data.SystemCoreClock
                0x20000008        0x4 ./CMSIS/EFM32GG/system_efm32gg.o
                0x20000008                SystemCoreClock
 .data.menuState
                0x2000000c        0x1 ./src/gpioManager.o
                0x2000000c                menuState
 *fill*         0x2000000d        0x3 
 .data.compLevel
                0x20000010        0x4 ./src/gpioManager.o
                0x20000010                compLevel
 .data.impure_data
                0x20000014       0x60 c:/siliconlabs/simplicitystudio/v4/developer/toolchains/gnu_arm/7.2_2017q4/bin/../lib/gcc/arm-none-eabi/7.2.1/../../../../arm-none-eabi/lib/thumb/v7-m\libc_nano.a(lib_a-impure.o)
                0x20000074                . = ALIGN (0x4)
                [!provide]                PROVIDE (__ram_func_section_start, .)
 *(.ram)
                [!provide]                PROVIDE (__ram_func_section_end, .)
                0x20000074                . = ALIGN (0x4)
                0x20000074                PROVIDE (__preinit_array_start, .)
 *(.preinit_array)
                0x20000074                PROVIDE (__preinit_array_end, .)
                0x20000074                . = ALIGN (0x4)
                0x20000074                PROVIDE (__init_array_start, .)
 *(SORT_BY_NAME(.init_array.*))
 *(.init_array)
 .init_array    0x20000074        0x4 c:/siliconlabs/simplicitystudio/v4/developer/toolchains/gnu_arm/7.2_2017q4/bin/../lib/gcc/arm-none-eabi/7.2.1/thumb/v7-m/crtbegin.o
                0x20000078                PROVIDE (__init_array_end, .)
                0x20000078                . = ALIGN (0x4)
                [!provide]                PROVIDE (__fini_array_start, .)
 *(SORT_BY_NAME(.fini_array.*))
 *(.fini_array)
 .fini_array    0x20000078        0x4 c:/siliconlabs/simplicitystudio/v4/developer/toolchains/gnu_arm/7.2_2017q4/bin/../lib/gcc/arm-none-eabi/7.2.1/thumb/v7-m/crtbegin.o
                [!provide]                PROVIDE (__fini_array_end, .)
 *(.jcr*)
                0x2000007c                . = ALIGN (0x4)
                0x2000007c                __data_end__ = .

.igot.plt       0x2000007c        0x0 load address 0x0000370c
 .igot.plt      0x2000007c        0x0 c:/siliconlabs/simplicitystudio/v4/developer/toolchains/gnu_arm/7.2_2017q4/bin/../lib/gcc/arm-none-eabi/7.2.1/thumb/v7-m/crtbegin.o

.bss            0x2000007c      0x428 load address 0x0000370c
                0x2000007c                . = ALIGN (0x4)
                0x2000007c                __bss_start__ = .
 *(.bss*)
 .bss           0x2000007c       0x1c c:/siliconlabs/simplicitystudio/v4/developer/toolchains/gnu_arm/7.2_2017q4/bin/../lib/gcc/arm-none-eabi/7.2.1/thumb/v7-m/crtbegin.o
 .bss.datacollectState
                0x20000098        0x1 ./src/gpioManager.o
                0x20000098                datacollectState
 *(COMMON)
 *fill*         0x20000099        0x3 
 COMMON         0x2000009c      0x404 ./src/main.o
                0x2000009c                newData
                0x200000a0                data
 COMMON         0x200004a0        0x1 ./src/timer.o
                0x200004a0                dataReadyFlag
                0x200004a4                . = ALIGN (0x4)
 *fill*         0x200004a1        0x3 
                0x200004a4                __bss_end__ = .

.heap           0x200004a8      0xc00
                0x200004a8                __HeapBase = .
                0x200004a8                __end__ = .
                0x200004a8                end = __end__
                0x200004a8                _end = __end__
 *(.heap*)
 .heap          0x200004a8      0xc00 ./CMSIS/EFM32GG/startup_efm32gg.o
                0x200010a8                __HeapLimit = .

.stack_dummy    0x200004a8      0x400
 *(.stack*)
 .stack         0x200004a8      0x400 ./CMSIS/EFM32GG/startup_efm32gg.o
                0x20020000                __StackTop = (ORIGIN (RAM) + LENGTH (RAM))
                0x2001fc00                __StackLimit = (__StackTop - SIZEOF (.stack_dummy))
                0x20020000                PROVIDE (__stack, __StackTop)
                0x00000001                ASSERT ((__StackLimit >= __HeapLimit), region RAM overflowed with stack)
                0x00000001                ASSERT ((LENGTH (FLASH) >= (__etext + SIZEOF (.data))), FLASH memory overflowed !)
OUTPUT(Temalabor.axf elf32-littlearm)

.ARM.attributes
                0x00000000       0x29
 .ARM.attributes
                0x00000000       0x1d c:/siliconlabs/simplicitystudio/v4/developer/toolchains/gnu_arm/7.2_2017q4/bin/../lib/gcc/arm-none-eabi/7.2.1/thumb/v7-m/crti.o
 .ARM.attributes
                0x0000001d       0x2d c:/siliconlabs/simplicitystudio/v4/developer/toolchains/gnu_arm/7.2_2017q4/bin/../lib/gcc/arm-none-eabi/7.2.1/thumb/v7-m/crtbegin.o
 .ARM.attributes
                0x0000004a       0x1b c:/siliconlabs/simplicitystudio/v4/developer/toolchains/gnu_arm/7.2_2017q4/bin/../lib/gcc/arm-none-eabi/7.2.1/../../../../arm-none-eabi/lib/thumb/v7-m/crt0.o
 .ARM.attributes
                0x00000065       0x1b ./CMSIS/EFM32GG/startup_efm32gg.o
 .ARM.attributes
                0x00000080       0x33 ./CMSIS/EFM32GG/system_efm32gg.o
 .ARM.attributes
                0x000000b3       0x33 ./drivers/segmentlcd.o
 .ARM.attributes
                0x000000e6       0x33 ./emlib/em_cmu.o
 .ARM.attributes
                0x00000119       0x33 ./emlib/em_dac.o
 .ARM.attributes
                0x0000014c       0x33 ./emlib/em_gpio.o
 .ARM.attributes
                0x0000017f       0x33 ./emlib/em_lcd.o
 .ARM.attributes
                0x000001b2       0x33 ./emlib/em_system.o
 .ARM.attributes
                0x000001e5       0x33 ./emlib/em_timer.o
 .ARM.attributes
                0x00000218       0x33 ./emlib/em_usart.o
 .ARM.attributes
                0x0000024b       0x33 ./src/dac.o
 .ARM.attributes
                0x0000027e       0x33 ./src/gpioManager.o
 .ARM.attributes
                0x000002b1       0x33 ./src/lcdManager.o
 .ARM.attributes
                0x000002e4       0x33 ./src/main.o
 .ARM.attributes
                0x00000317       0x33 ./src/timer.o
 .ARM.attributes
                0x0000034a       0x33 ./src/uart.o
 .ARM.attributes
                0x0000037d       0x1d c:/siliconlabs/simplicitystudio/v4/developer/toolchains/gnu_arm/7.2_2017q4/bin/../lib/gcc/arm-none-eabi/7.2.1/thumb/v7-m\libgcc.a(_arm_addsubsf3.o)
 .ARM.attributes
                0x0000039a       0x1d c:/siliconlabs/simplicitystudio/v4/developer/toolchains/gnu_arm/7.2_2017q4/bin/../lib/gcc/arm-none-eabi/7.2.1/thumb/v7-m\libgcc.a(_arm_muldivsf3.o)
 .ARM.attributes
                0x000003b7       0x1d c:/siliconlabs/simplicitystudio/v4/developer/toolchains/gnu_arm/7.2_2017q4/bin/../lib/gcc/arm-none-eabi/7.2.1/thumb/v7-m\libgcc.a(_arm_cmpsf2.o)
 .ARM.attributes
                0x000003d4       0x1d c:/siliconlabs/simplicitystudio/v4/developer/toolchains/gnu_arm/7.2_2017q4/bin/../lib/gcc/arm-none-eabi/7.2.1/thumb/v7-m\libgcc.a(_arm_fixunssfsi.o)
 .ARM.attributes
                0x000003f1       0x2d c:/siliconlabs/simplicitystudio/v4/developer/toolchains/gnu_arm/7.2_2017q4/bin/../lib/gcc/arm-none-eabi/7.2.1/../../../../arm-none-eabi/lib/thumb/v7-m\libc_nano.a(lib_a-abs.o)
 .ARM.attributes
                0x0000041e       0x2d c:/siliconlabs/simplicitystudio/v4/developer/toolchains/gnu_arm/7.2_2017q4/bin/../lib/gcc/arm-none-eabi/7.2.1/../../../../arm-none-eabi/lib/thumb/v7-m\libc_nano.a(lib_a-exit.o)
 .ARM.attributes
                0x0000044b       0x2d c:/siliconlabs/simplicitystudio/v4/developer/toolchains/gnu_arm/7.2_2017q4/bin/../lib/gcc/arm-none-eabi/7.2.1/../../../../arm-none-eabi/lib/thumb/v7-m\libc_nano.a(lib_a-impure.o)
 .ARM.attributes
                0x00000478       0x2d c:/siliconlabs/simplicitystudio/v4/developer/toolchains/gnu_arm/7.2_2017q4/bin/../lib/gcc/arm-none-eabi/7.2.1/../../../../arm-none-eabi/lib/thumb/v7-m\libc_nano.a(lib_a-init.o)
 .ARM.attributes
                0x000004a5       0x2d c:/siliconlabs/simplicitystudio/v4/developer/toolchains/gnu_arm/7.2_2017q4/bin/../lib/gcc/arm-none-eabi/7.2.1/../../../../arm-none-eabi/lib/thumb/v7-m\libc_nano.a(lib_a-memset.o)
 .ARM.attributes
                0x000004d2       0x2d c:/siliconlabs/simplicitystudio/v4/developer/toolchains/gnu_arm/7.2_2017q4/bin/../lib/gcc/arm-none-eabi/7.2.1/../../../../arm-none-eabi/lib/thumb/v7-m\libnosys.a(_exit.o)
 .ARM.attributes
                0x000004ff       0x2d c:/siliconlabs/simplicitystudio/v4/developer/toolchains/gnu_arm/7.2_2017q4/bin/../lib/gcc/arm-none-eabi/7.2.1/thumb/v7-m/crtend.o
 .ARM.attributes
                0x0000052c       0x1d c:/siliconlabs/simplicitystudio/v4/developer/toolchains/gnu_arm/7.2_2017q4/bin/../lib/gcc/arm-none-eabi/7.2.1/thumb/v7-m/crtn.o

.comment        0x00000000       0x7e
 .comment       0x00000000       0x7e ./CMSIS/EFM32GG/system_efm32gg.o
                                 0x7f (size before relaxing)
 .comment       0x0000007e       0x7f ./drivers/segmentlcd.o
 .comment       0x0000007e       0x7f ./emlib/em_cmu.o
 .comment       0x0000007e       0x7f ./emlib/em_dac.o
 .comment       0x0000007e       0x7f ./emlib/em_gpio.o
 .comment       0x0000007e       0x7f ./emlib/em_lcd.o
 .comment       0x0000007e       0x7f ./emlib/em_system.o
 .comment       0x0000007e       0x7f ./emlib/em_timer.o
 .comment       0x0000007e       0x7f ./emlib/em_usart.o
 .comment       0x0000007e       0x7f ./src/dac.o
 .comment       0x0000007e       0x7f ./src/gpioManager.o
 .comment       0x0000007e       0x7f ./src/lcdManager.o
 .comment       0x0000007e       0x7f ./src/main.o
 .comment       0x0000007e       0x7f ./src/timer.o
 .comment       0x0000007e       0x7f ./src/uart.o

.debug_line     0x00000000     0x999b
 .debug_line    0x00000000       0xd3 ./CMSIS/EFM32GG/startup_efm32gg.o
 .debug_line    0x000000d3      0x896 ./CMSIS/EFM32GG/system_efm32gg.o
 .debug_line    0x00000969      0xd3c ./drivers/segmentlcd.o
 .debug_line    0x000016a5     0x10e9 ./emlib/em_cmu.o
 .debug_line    0x0000278e      0x939 ./emlib/em_dac.o
 .debug_line    0x000030c7      0xa08 ./emlib/em_gpio.o
 .debug_line    0x00003acf      0xa5c ./emlib/em_lcd.o
 .debug_line    0x0000452b      0x860 ./emlib/em_system.o
 .debug_line    0x00004d8b      0xaec ./emlib/em_timer.o
 .debug_line    0x00005877      0xbcf ./emlib/em_usart.o
 .debug_line    0x00006446      0x84f ./src/dac.o
 .debug_line    0x00006c95      0x8eb ./src/gpioManager.o
 .debug_line    0x00007580      0x880 ./src/lcdManager.o
 .debug_line    0x00007e00      0xa72 ./src/main.o
 .debug_line    0x00008872      0x8c2 ./src/timer.o
 .debug_line    0x00009134      0x867 ./src/uart.o

.debug_info     0x00000000     0xa40e
 .debug_info    0x00000000       0x26 ./CMSIS/EFM32GG/startup_efm32gg.o
 .debug_info    0x00000026      0x75f ./CMSIS/EFM32GG/system_efm32gg.o
 .debug_info    0x00000785     0x1bb1 ./drivers/segmentlcd.o
 .debug_info    0x00002336     0x15ce ./emlib/em_cmu.o
 .debug_info    0x00003904      0x93b ./emlib/em_dac.o
 .debug_info    0x0000423f      0x69e ./emlib/em_gpio.o
 .debug_info    0x000048dd      0xab8 ./emlib/em_lcd.o
 .debug_info    0x00005395      0x280 ./emlib/em_system.o
 .debug_info    0x00005615      0x967 ./emlib/em_timer.o
 .debug_info    0x00005f7c      0xefa ./emlib/em_usart.o
 .debug_info    0x00006e76      0x59b ./src/dac.o
 .debug_info    0x00007411      0x8ec ./src/gpioManager.o
 .debug_info    0x00007cfd      0x19d ./src/lcdManager.o
 .debug_info    0x00007e9a     0x117d ./src/main.o
 .debug_info    0x00009017      0xa32 ./src/timer.o
 .debug_info    0x00009a49      0x9c5 ./src/uart.o

.debug_abbrev   0x00000000     0x1d07
 .debug_abbrev  0x00000000       0x14 ./CMSIS/EFM32GG/startup_efm32gg.o
 .debug_abbrev  0x00000014      0x1b5 ./CMSIS/EFM32GG/system_efm32gg.o
 .debug_abbrev  0x000001c9      0x2b5 ./drivers/segmentlcd.o
 .debug_abbrev  0x0000047e      0x2da ./emlib/em_cmu.o
 .debug_abbrev  0x00000758      0x1ff ./emlib/em_dac.o
 .debug_abbrev  0x00000957      0x1f0 ./emlib/em_gpio.o
 .debug_abbrev  0x00000b47      0x21e ./emlib/em_lcd.o
 .debug_abbrev  0x00000d65      0x11d ./emlib/em_system.o
 .debug_abbrev  0x00000e82      0x1d5 ./emlib/em_timer.o
 .debug_abbrev  0x00001057      0x1fa ./emlib/em_usart.o
 .debug_abbrev  0x00001251      0x15d ./src/dac.o
 .debug_abbrev  0x000013ae      0x1ef ./src/gpioManager.o
 .debug_abbrev  0x0000159d       0xb7 ./src/lcdManager.o
 .debug_abbrev  0x00001654      0x28e ./src/main.o
 .debug_abbrev  0x000018e2      0x234 ./src/timer.o
 .debug_abbrev  0x00001b16      0x1f1 ./src/uart.o

.debug_aranges  0x00000000      0x740
 .debug_aranges
                0x00000000       0x20 ./CMSIS/EFM32GG/startup_efm32gg.o
 .debug_aranges
                0x00000020       0x70 ./CMSIS/EFM32GG/system_efm32gg.o
 .debug_aranges
                0x00000090       0xc8 ./drivers/segmentlcd.o
 .debug_aranges
                0x00000158      0x180 ./emlib/em_cmu.o
 .debug_aranges
                0x000002d8       0x60 ./emlib/em_dac.o
 .debug_aranges
                0x00000338       0x78 ./emlib/em_gpio.o
 .debug_aranges
                0x000003b0       0xa8 ./emlib/em_lcd.o
 .debug_aranges
                0x00000458       0x28 ./emlib/em_system.o
 .debug_aranges
                0x00000480       0x58 ./emlib/em_timer.o
 .debug_aranges
                0x000004d8       0xd0 ./emlib/em_usart.o
 .debug_aranges
                0x000005a8       0x30 ./src/dac.o
 .debug_aranges
                0x000005d8       0x68 ./src/gpioManager.o
 .debug_aranges
                0x00000640       0x20 ./src/lcdManager.o
 .debug_aranges
                0x00000660       0x38 ./src/main.o
 .debug_aranges
                0x00000698       0x68 ./src/timer.o
 .debug_aranges
                0x00000700       0x40 ./src/uart.o

.debug_str      0x00000000    0xde8ab
 .debug_str     0x00000000       0xe4 ./CMSIS/EFM32GG/startup_efm32gg.o
 .debug_str     0x000000e4    0xd2859 ./CMSIS/EFM32GG/system_efm32gg.o
                              0xd2ed2 (size before relaxing)
 .debug_str     0x000d293d     0x83d3 ./drivers/segmentlcd.o
                              0xdb0ce (size before relaxing)
 .debug_str     0x000dad10      0xf66 ./emlib/em_cmu.o
                              0xd6c72 (size before relaxing)
 .debug_str     0x000dbc76      0x4e2 ./emlib/em_dac.o
                              0xd477d (size before relaxing)
 .debug_str     0x000dc158      0x4bb ./emlib/em_gpio.o
                              0xd36ec (size before relaxing)
 .debug_str     0x000dc613      0x3a2 ./emlib/em_lcd.o
                              0xd3352 (size before relaxing)
 .debug_str     0x000dc9b5       0xfd ./emlib/em_system.o
                              0xd2f81 (size before relaxing)
 .debug_str     0x000dcab2      0xacc ./emlib/em_timer.o
                              0xd365d (size before relaxing)
 .debug_str     0x000dd57e      0xde8 ./emlib/em_usart.o
                              0xd4fe8 (size before relaxing)
 .debug_str     0x000de366       0x47 ./src/dac.o
                              0xd44fd (size before relaxing)
 .debug_str     0x000de3ad      0x35c ./src/gpioManager.o
                              0xd48e3 (size before relaxing)
 .debug_str     0x000de709       0x3e ./src/lcdManager.o
                              0xd594a (size before relaxing)
 .debug_str     0x000de747       0x65 ./src/main.o
                              0xda530 (size before relaxing)
 .debug_str     0x000de7ac       0xa5 ./src/timer.o
                              0xd4b92 (size before relaxing)
 .debug_str     0x000de851       0x5a ./src/uart.o
                              0xd4e98 (size before relaxing)

.debug_loc      0x00000000     0x3a78
 .debug_loc     0x00000000      0x31c ./CMSIS/EFM32GG/system_efm32gg.o
 .debug_loc     0x0000031c      0x66a ./drivers/segmentlcd.o
 .debug_loc     0x00000986      0xe4c ./emlib/em_cmu.o
 .debug_loc     0x000017d2      0x30c ./emlib/em_dac.o
 .debug_loc     0x00001ade      0x420 ./emlib/em_gpio.o
 .debug_loc     0x00001efe      0x648 ./emlib/em_lcd.o
 .debug_loc     0x00002546       0xb8 ./emlib/em_system.o
 .debug_loc     0x000025fe      0x2b0 ./emlib/em_timer.o
 .debug_loc     0x000028ae      0x7da ./emlib/em_usart.o
 .debug_loc     0x00003088       0xfc ./src/dac.o
 .debug_loc     0x00003184      0x2b4 ./src/gpioManager.o
 .debug_loc     0x00003438       0x50 ./src/lcdManager.o
 .debug_loc     0x00003488      0x128 ./src/main.o
 .debug_loc     0x000035b0      0x314 ./src/timer.o
 .debug_loc     0x000038c4      0x1b4 ./src/uart.o

.debug_ranges   0x00000000      0x630
 .debug_ranges  0x00000000       0x60 ./CMSIS/EFM32GG/system_efm32gg.o
 .debug_ranges  0x00000060       0xb8 ./drivers/segmentlcd.o
 .debug_ranges  0x00000118      0x170 ./emlib/em_cmu.o
 .debug_ranges  0x00000288       0x50 ./emlib/em_dac.o
 .debug_ranges  0x000002d8       0x68 ./emlib/em_gpio.o
 .debug_ranges  0x00000340       0x98 ./emlib/em_lcd.o
 .debug_ranges  0x000003d8       0x18 ./emlib/em_system.o
 .debug_ranges  0x000003f0       0x48 ./emlib/em_timer.o
 .debug_ranges  0x00000438       0xc0 ./emlib/em_usart.o
 .debug_ranges  0x000004f8       0x20 ./src/dac.o
 .debug_ranges  0x00000518       0x58 ./src/gpioManager.o
 .debug_ranges  0x00000570       0x10 ./src/lcdManager.o
 .debug_ranges  0x00000580       0x28 ./src/main.o
 .debug_ranges  0x000005a8       0x58 ./src/timer.o
 .debug_ranges  0x00000600       0x30 ./src/uart.o

.debug_macro    0x00000000     0x3a1a
 .debug_macro   0x00000000      0x28e ./CMSIS/EFM32GG/system_efm32gg.o
 .debug_macro   0x0000028e      0x432 ./drivers/segmentlcd.o
 .debug_macro   0x000006c0       0x16 ./drivers/segmentlcd.o
 .debug_macro   0x000006d6       0x97 ./drivers/segmentlcd.o
 .debug_macro   0x0000076d       0xf6 ./drivers/segmentlcd.o
 .debug_macro   0x00000863       0x10 ./drivers/segmentlcd.o
 .debug_macro   0x00000873       0x10 ./drivers/segmentlcd.o
 .debug_macro   0x00000883       0xb6 ./drivers/segmentlcd.o
 .debug_macro   0x00000939       0x16 ./drivers/segmentlcd.o
 .debug_macro   0x0000094f      0x129 ./drivers/segmentlcd.o
 .debug_macro   0x00000a78       0x16 ./drivers/segmentlcd.o
 .debug_macro   0x00000a8e       0x16 ./drivers/segmentlcd.o
 .debug_macro   0x00000aa4       0x22 ./drivers/segmentlcd.o
 .debug_macro   0x00000ac6       0x1d ./drivers/segmentlcd.o
 .debug_macro   0x00000ae3      0x117 ./drivers/segmentlcd.o
 .debug_macro   0x00000bfa       0x22 ./drivers/segmentlcd.o
 .debug_macro   0x00000c1c      0x367 ./emlib/em_cmu.o
 .debug_macro   0x00000f83       0x58 ./emlib/em_cmu.o
 .debug_macro   0x00000fdb      0x34d ./emlib/em_cmu.o
 .debug_macro   0x00001328       0x25 ./emlib/em_cmu.o
 .debug_macro   0x0000134d       0xee ./emlib/em_cmu.o
 .debug_macro   0x0000143b       0x1f ./emlib/em_cmu.o
 .debug_macro   0x0000145a      0x2d0 ./emlib/em_dac.o
 .debug_macro   0x0000172a       0x18 ./emlib/em_dac.o
 .debug_macro   0x00001742      0x2a7 ./emlib/em_gpio.o
 .debug_macro   0x000019e9      0x29b ./emlib/em_lcd.o
 .debug_macro   0x00001c84       0x17 ./emlib/em_lcd.o
 .debug_macro   0x00001c9b      0x295 ./emlib/em_system.o
 .debug_macro   0x00001f30      0x295 ./emlib/em_timer.o
 .debug_macro   0x000021c5       0x79 ./emlib/em_timer.o
 .debug_macro   0x0000223e      0x2eb ./emlib/em_usart.o
 .debug_macro   0x00002529       0xeb ./emlib/em_usart.o
 .debug_macro   0x00002614      0x2c6 ./src/dac.o
 .debug_macro   0x000028da      0x2de ./src/gpioManager.o
 .debug_macro   0x00002bb8       0x1e ./src/gpioManager.o
 .debug_macro   0x00002bd6      0x2b0 ./src/lcdManager.o
 .debug_macro   0x00002e86      0x3f1 ./src/main.o
 .debug_macro   0x00003277      0x10e ./src/main.o
 .debug_macro   0x00003385       0x86 ./src/main.o
 .debug_macro   0x0000340b       0x7f ./src/main.o
 .debug_macro   0x0000348a      0x2c6 ./src/timer.o
 .debug_macro   0x00003750      0x2ca ./src/uart.o

.debug_frame    0x00000000     0x1d88
 .debug_frame   0x00000000      0x180 ./CMSIS/EFM32GG/system_efm32gg.o
 .debug_frame   0x00000180      0x318 ./drivers/segmentlcd.o
 .debug_frame   0x00000498      0x690 ./emlib/em_cmu.o
 .debug_frame   0x00000b28      0x168 ./emlib/em_dac.o
 .debug_frame   0x00000c90      0x1e0 ./emlib/em_gpio.o
 .debug_frame   0x00000e70      0x2d0 ./emlib/em_lcd.o
 .debug_frame   0x00001140       0x60 ./emlib/em_system.o
 .debug_frame   0x000011a0      0x140 ./emlib/em_timer.o
 .debug_frame   0x000012e0      0x388 ./emlib/em_usart.o
 .debug_frame   0x00001668       0x84 ./src/dac.o
 .debug_frame   0x000016ec      0x160 ./src/gpioManager.o
 .debug_frame   0x0000184c       0x34 ./src/lcdManager.o
 .debug_frame   0x00001880       0x9c ./src/main.o
 .debug_frame   0x0000191c      0x178 ./src/timer.o
 .debug_frame   0x00001a94       0xd0 ./src/uart.o
 .debug_frame   0x00001b64       0x4c c:/siliconlabs/simplicitystudio/v4/developer/toolchains/gnu_arm/7.2_2017q4/bin/../lib/gcc/arm-none-eabi/7.2.1/thumb/v7-m\libgcc.a(_arm_addsubsf3.o)
 .debug_frame   0x00001bb0       0x38 c:/siliconlabs/simplicitystudio/v4/developer/toolchains/gnu_arm/7.2_2017q4/bin/../lib/gcc/arm-none-eabi/7.2.1/thumb/v7-m\libgcc.a(_arm_muldivsf3.o)
 .debug_frame   0x00001be8       0xc8 c:/siliconlabs/simplicitystudio/v4/developer/toolchains/gnu_arm/7.2_2017q4/bin/../lib/gcc/arm-none-eabi/7.2.1/thumb/v7-m\libgcc.a(_arm_cmpsf2.o)
 .debug_frame   0x00001cb0       0x24 c:/siliconlabs/simplicitystudio/v4/developer/toolchains/gnu_arm/7.2_2017q4/bin/../lib/gcc/arm-none-eabi/7.2.1/thumb/v7-m\libgcc.a(_arm_fixunssfsi.o)
 .debug_frame   0x00001cd4       0x20 c:/siliconlabs/simplicitystudio/v4/developer/toolchains/gnu_arm/7.2_2017q4/bin/../lib/gcc/arm-none-eabi/7.2.1/../../../../arm-none-eabi/lib/thumb/v7-m\libc_nano.a(lib_a-abs.o)
 .debug_frame   0x00001cf4       0x28 c:/siliconlabs/simplicitystudio/v4/developer/toolchains/gnu_arm/7.2_2017q4/bin/../lib/gcc/arm-none-eabi/7.2.1/../../../../arm-none-eabi/lib/thumb/v7-m\libc_nano.a(lib_a-exit.o)
 .debug_frame   0x00001d1c       0x2c c:/siliconlabs/simplicitystudio/v4/developer/toolchains/gnu_arm/7.2_2017q4/bin/../lib/gcc/arm-none-eabi/7.2.1/../../../../arm-none-eabi/lib/thumb/v7-m\libc_nano.a(lib_a-init.o)
 .debug_frame   0x00001d48       0x20 c:/siliconlabs/simplicitystudio/v4/developer/toolchains/gnu_arm/7.2_2017q4/bin/../lib/gcc/arm-none-eabi/7.2.1/../../../../arm-none-eabi/lib/thumb/v7-m\libc_nano.a(lib_a-memset.o)
 .debug_frame   0x00001d68       0x20 c:/siliconlabs/simplicitystudio/v4/developer/toolchains/gnu_arm/7.2_2017q4/bin/../lib/gcc/arm-none-eabi/7.2.1/../../../../arm-none-eabi/lib/thumb/v7-m\libnosys.a(_exit.o)
